[0.020s] Invoking command in '/home/dhruv-bansal/igvc_sim_ws/build/igvc_gazebo': CMAKE_PREFIX_PATH=${CMAKE_PREFIX_PATH}:/opt/ros/jazzy DEBUGINFOD_URLS=https://debuginfod.ubuntu.com /usr/bin/cmake /home/dhruv-bansal/igvc_sim_ws/src/igvc_gazebo -DCMAKE_INSTALL_PREFIX=/home/dhruv-bansal/igvc_sim_ws/install/igvc_gazebo
[0.117s] -- The C compiler identification is GNU 13.3.0
[0.223s] -- The CXX compiler identification is GNU 13.3.0
[0.254s] -- Detecting C compiler ABI info
[0.451s] -- Detecting C compiler ABI info - done
[0.472s] -- Check for working C compiler: /usr/bin/cc - skipped
[0.472s] -- Detecting C compile features
[0.473s] -- Detecting C compile features - done
[0.488s] -- Detecting CXX compiler ABI info
[0.695s] -- Detecting CXX compiler ABI info - done
[0.720s] -- Check for working CXX compiler: /usr/bin/c++ - skipped
[0.720s] -- Detecting CXX compile features
[0.721s] -- Detecting CXX compile features - done
[0.730s] -- Found ament_cmake: 2.5.4 (/opt/ros/jazzy/share/ament_cmake/cmake)
[0.963s] -- Found Python3: /usr/bin/python3 (found version "3.12.3") found components: Interpreter 
[1.150s] -- Found ament_lint_auto: 0.17.3 (/opt/ros/jazzy/share/ament_lint_auto/cmake)
[1.366s] -- Added test 'flake8' to check Python code syntax and style conventions
[1.366s] -- Configured 'flake8' exclude dirs and/or files: 
[1.369s] -- Added test 'lint_cmake' to check CMake code style
[1.371s] -- Added test 'pep257' to check Python code against some of the docstring style conventions in PEP 257
[1.374s] -- Added test 'xmllint' to check XML markup files
[1.375s] -- Configuring done (1.3s)
[1.377s] -- Generating done (0.0s)
[1.379s] -- Build files have been written to: /home/dhruv-bansal/igvc_sim_ws/build/igvc_gazebo
[1.424s] Invoked command in '/home/dhruv-bansal/igvc_sim_ws/build/igvc_gazebo' returned '0': CMAKE_PREFIX_PATH=${CMAKE_PREFIX_PATH}:/opt/ros/jazzy DEBUGINFOD_URLS=https://debuginfod.ubuntu.com /usr/bin/cmake /home/dhruv-bansal/igvc_sim_ws/src/igvc_gazebo -DCMAKE_INSTALL_PREFIX=/home/dhruv-bansal/igvc_sim_ws/install/igvc_gazebo
[1.425s] Invoking command in '/home/dhruv-bansal/igvc_sim_ws/build/igvc_gazebo': CMAKE_PREFIX_PATH=${CMAKE_PREFIX_PATH}:/opt/ros/jazzy DEBUGINFOD_URLS=https://debuginfod.ubuntu.com /usr/bin/cmake --build /home/dhruv-bansal/igvc_sim_ws/build/igvc_gazebo -- -j12 -l12
[1.493s] Invoked command in '/home/dhruv-bansal/igvc_sim_ws/build/igvc_gazebo' returned '0': CMAKE_PREFIX_PATH=${CMAKE_PREFIX_PATH}:/opt/ros/jazzy DEBUGINFOD_URLS=https://debuginfod.ubuntu.com /usr/bin/cmake --build /home/dhruv-bansal/igvc_sim_ws/build/igvc_gazebo -- -j12 -l12
[1.495s] Invoking command in '/home/dhruv-bansal/igvc_sim_ws/build/igvc_gazebo': CMAKE_PREFIX_PATH=${CMAKE_PREFIX_PATH}:/opt/ros/jazzy DEBUGINFOD_URLS=https://debuginfod.ubuntu.com /usr/bin/cmake --install /home/dhruv-bansal/igvc_sim_ws/build/igvc_gazebo
[1.510s] -- Install configuration: ""
[1.510s] -- Installing: /home/dhruv-bansal/igvc_sim_ws/install/igvc_gazebo/share/igvc_gazebo/worlds
[1.510s] -- Installing: /home/dhruv-bansal/igvc_sim_ws/install/igvc_gazebo/share/igvc_gazebo/worlds/install
[1.511s] -- Installing: /home/dhruv-bansal/igvc_sim_ws/install/igvc_gazebo/share/igvc_gazebo/worlds/install/setup.bash
[1.511s] -- Installing: /home/dhruv-bansal/igvc_sim_ws/install/igvc_gazebo/share/igvc_gazebo/worlds/install/setup.ps1
[1.511s] -- Installing: /home/dhruv-bansal/igvc_sim_ws/install/igvc_gazebo/share/igvc_gazebo/worlds/install/local_setup.sh
[1.511s] -- Installing: /home/dhruv-bansal/igvc_sim_ws/install/igvc_gazebo/share/igvc_gazebo/worlds/install/local_setup.ps1
[1.511s] -- Installing: /home/dhruv-bansal/igvc_sim_ws/install/igvc_gazebo/share/igvc_gazebo/worlds/install/_local_setup_util_sh.py
[1.512s] -- Installing: /home/dhruv-bansal/igvc_sim_ws/install/igvc_gazebo/share/igvc_gazebo/worlds/install/COLCON_IGNORE
[1.512s] -- Installing: /home/dhruv-bansal/igvc_sim_ws/install/igvc_gazebo/share/igvc_gazebo/worlds/install/local_setup.bash
[1.512s] -- Installing: /home/dhruv-bansal/igvc_sim_ws/install/igvc_gazebo/share/igvc_gazebo/worlds/install/_local_setup_util_ps1.py
[1.512s] -- Installing: /home/dhruv-bansal/igvc_sim_ws/install/igvc_gazebo/share/igvc_gazebo/worlds/install/local_setup.zsh
[1.512s] -- Installing: /home/dhruv-bansal/igvc_sim_ws/install/igvc_gazebo/share/igvc_gazebo/worlds/install/setup.zsh
[1.512s] -- Installing: /home/dhruv-bansal/igvc_sim_ws/install/igvc_gazebo/share/igvc_gazebo/worlds/install/.colcon_install_layout
[1.513s] -- Installing: /home/dhruv-bansal/igvc_sim_ws/install/igvc_gazebo/share/igvc_gazebo/worlds/install/setup.sh
[1.513s] -- Installing: /home/dhruv-bansal/igvc_sim_ws/install/igvc_gazebo/share/igvc_gazebo/worlds/log
[1.513s] -- Installing: /home/dhruv-bansal/igvc_sim_ws/install/igvc_gazebo/share/igvc_gazebo/worlds/log/latest
[1.513s] -- Installing: /home/dhruv-bansal/igvc_sim_ws/install/igvc_gazebo/share/igvc_gazebo/worlds/log/COLCON_IGNORE
[1.513s] -- Installing: /home/dhruv-bansal/igvc_sim_ws/install/igvc_gazebo/share/igvc_gazebo/worlds/log/build_2026-02-13_19-36-28
[1.513s] -- Installing: /home/dhruv-bansal/igvc_sim_ws/install/igvc_gazebo/share/igvc_gazebo/worlds/log/build_2026-02-13_19-36-28/events.log
[1.514s] -- Installing: /home/dhruv-bansal/igvc_sim_ws/install/igvc_gazebo/share/igvc_gazebo/worlds/log/build_2026-02-13_19-36-28/logger_all.log
[1.514s] -- Installing: /home/dhruv-bansal/igvc_sim_ws/install/igvc_gazebo/share/igvc_gazebo/worlds/log/latest_build
[1.514s] -- Installing: /home/dhruv-bansal/igvc_sim_ws/install/igvc_gazebo/share/igvc_gazebo/worlds/build
[1.514s] -- Installing: /home/dhruv-bansal/igvc_sim_ws/install/igvc_gazebo/share/igvc_gazebo/worlds/build/COLCON_IGNORE
[1.514s] -- Installing: /home/dhruv-bansal/igvc_sim_ws/install/igvc_gazebo/share/igvc_gazebo/worlds/build/.built_by
[1.514s] -- Installing: /home/dhruv-bansal/igvc_sim_ws/install/igvc_gazebo/share/igvc_gazebo/worlds/stable.world
[1.515s] -- Installing: /home/dhruv-bansal/igvc_sim_ws/install/igvc_gazebo/share/igvc_gazebo/worlds/igvc.world
[1.515s] -- Installing: /home/dhruv-bansal/igvc_sim_ws/install/igvc_gazebo/share/ament_index/resource_index/package_run_dependencies/igvc_gazebo
[1.515s] -- Installing: /home/dhruv-bansal/igvc_sim_ws/install/igvc_gazebo/share/ament_index/resource_index/parent_prefix_path/igvc_gazebo
[1.515s] -- Installing: /home/dhruv-bansal/igvc_sim_ws/install/igvc_gazebo/share/igvc_gazebo/environment/ament_prefix_path.sh
[1.515s] -- Installing: /home/dhruv-bansal/igvc_sim_ws/install/igvc_gazebo/share/igvc_gazebo/environment/ament_prefix_path.dsv
[1.515s] -- Installing: /home/dhruv-bansal/igvc_sim_ws/install/igvc_gazebo/share/igvc_gazebo/environment/path.sh
[1.516s] -- Installing: /home/dhruv-bansal/igvc_sim_ws/install/igvc_gazebo/share/igvc_gazebo/environment/path.dsv
[1.516s] -- Installing: /home/dhruv-bansal/igvc_sim_ws/install/igvc_gazebo/share/igvc_gazebo/local_setup.bash
[1.516s] -- Installing: /home/dhruv-bansal/igvc_sim_ws/install/igvc_gazebo/share/igvc_gazebo/local_setup.sh
[1.516s] -- Installing: /home/dhruv-bansal/igvc_sim_ws/install/igvc_gazebo/share/igvc_gazebo/local_setup.zsh
[1.516s] -- Installing: /home/dhruv-bansal/igvc_sim_ws/install/igvc_gazebo/share/igvc_gazebo/local_setup.dsv
[1.516s] -- Installing: /home/dhruv-bansal/igvc_sim_ws/install/igvc_gazebo/share/igvc_gazebo/package.dsv
[1.516s] -- Installing: /home/dhruv-bansal/igvc_sim_ws/install/igvc_gazebo/share/ament_index/resource_index/packages/igvc_gazebo
[1.516s] -- Installing: /home/dhruv-bansal/igvc_sim_ws/install/igvc_gazebo/share/igvc_gazebo/cmake/igvc_gazeboConfig.cmake
[1.516s] -- Installing: /home/dhruv-bansal/igvc_sim_ws/install/igvc_gazebo/share/igvc_gazebo/cmake/igvc_gazeboConfig-version.cmake
[1.516s] -- Installing: /home/dhruv-bansal/igvc_sim_ws/install/igvc_gazebo/share/igvc_gazebo/package.xml
[1.517s] Invoked command in '/home/dhruv-bansal/igvc_sim_ws/build/igvc_gazebo' returned '0': CMAKE_PREFIX_PATH=${CMAKE_PREFIX_PATH}:/opt/ros/jazzy DEBUGINFOD_URLS=https://debuginfod.ubuntu.com /usr/bin/cmake --install /home/dhruv-bansal/igvc_sim_ws/build/igvc_gazebo
