[0.020s] Invoking command in '/home/dhruv-bansal/igvc_sim_ws/build/igvc_description': CMAKE_PREFIX_PATH=${CMAKE_PREFIX_PATH}:/opt/ros/jazzy DEBUGINFOD_URLS=https://debuginfod.ubuntu.com /usr/bin/cmake /home/dhruv-bansal/igvc_sim_ws/src/igvc_description -DCMAKE_INSTALL_PREFIX=/home/dhruv-bansal/igvc_sim_ws/install/igvc_description
[0.129s] -- The C compiler identification is GNU 13.3.0
[0.218s] -- The CXX compiler identification is GNU 13.3.0
[0.244s] -- Detecting C compiler ABI info
[0.434s] -- Detecting C compiler ABI info - done
[0.451s] -- Check for working C compiler: /usr/bin/cc - skipped
[0.451s] -- Detecting C compile features
[0.452s] -- Detecting C compile features - done
[0.469s] -- Detecting CXX compiler ABI info
[0.652s] -- Detecting CXX compiler ABI info - done
[0.669s] -- Check for working CXX compiler: /usr/bin/c++ - skipped
[0.669s] -- Detecting CXX compile features
[0.670s] -- Detecting CXX compile features - done
[0.675s] -- Found ament_cmake: 2.5.4 (/opt/ros/jazzy/share/ament_cmake/cmake)
[0.927s] -- Found Python3: /usr/bin/python3 (found version "3.12.3") found components: Interpreter 
[1.082s] -- Found ament_lint_auto: 0.17.3 (/opt/ros/jazzy/share/ament_lint_auto/cmake)
[1.229s] -- Added test 'lint_cmake' to check CMake code style
[1.231s] -- Added test 'xmllint' to check XML markup files
[1.232s] -- Configuring done (1.2s)
[1.235s] -- Generating done (0.0s)
[1.237s] -- Build files have been written to: /home/dhruv-bansal/igvc_sim_ws/build/igvc_description
[1.245s] Invoked command in '/home/dhruv-bansal/igvc_sim_ws/build/igvc_description' returned '0': CMAKE_PREFIX_PATH=${CMAKE_PREFIX_PATH}:/opt/ros/jazzy DEBUGINFOD_URLS=https://debuginfod.ubuntu.com /usr/bin/cmake /home/dhruv-bansal/igvc_sim_ws/src/igvc_description -DCMAKE_INSTALL_PREFIX=/home/dhruv-bansal/igvc_sim_ws/install/igvc_description
[1.248s] Invoking command in '/home/dhruv-bansal/igvc_sim_ws/build/igvc_description': CMAKE_PREFIX_PATH=${CMAKE_PREFIX_PATH}:/opt/ros/jazzy DEBUGINFOD_URLS=https://debuginfod.ubuntu.com /usr/bin/cmake --build /home/dhruv-bansal/igvc_sim_ws/build/igvc_description -- -j12 -l12
[1.328s] Invoked command in '/home/dhruv-bansal/igvc_sim_ws/build/igvc_description' returned '0': CMAKE_PREFIX_PATH=${CMAKE_PREFIX_PATH}:/opt/ros/jazzy DEBUGINFOD_URLS=https://debuginfod.ubuntu.com /usr/bin/cmake --build /home/dhruv-bansal/igvc_sim_ws/build/igvc_description -- -j12 -l12
[1.348s] Invoking command in '/home/dhruv-bansal/igvc_sim_ws/build/igvc_description': CMAKE_PREFIX_PATH=${CMAKE_PREFIX_PATH}:/opt/ros/jazzy DEBUGINFOD_URLS=https://debuginfod.ubuntu.com /usr/bin/cmake --install /home/dhruv-bansal/igvc_sim_ws/build/igvc_description
[1.368s] -- Install configuration: ""
[1.368s] -- Installing: /home/dhruv-bansal/igvc_sim_ws/install/igvc_description/share/igvc_description/urdf
[1.368s] -- Installing: /home/dhruv-bansal/igvc_sim_ws/install/igvc_description/share/igvc_description/urdf/wheels.xacro
[1.370s] -- Installing: /home/dhruv-bansal/igvc_sim_ws/install/igvc_description/share/igvc_description/urdf/sensors.xacro
[1.370s] -- Installing: /home/dhruv-bansal/igvc_sim_ws/install/igvc_description/share/igvc_description/urdf/gazebo_plugins.xacro
[1.370s] -- Installing: /home/dhruv-bansal/igvc_sim_ws/install/igvc_description/share/igvc_description/urdf/robot.xacro
[1.371s] -- Installing: /home/dhruv-bansal/igvc_sim_ws/install/igvc_description/share/igvc_description/urdf/base.xacro
[1.371s] -- Installing: /home/dhruv-bansal/igvc_sim_ws/install/igvc_description/share/igvc_description/urdf/robot.urdf
[1.371s] -- Installing: /home/dhruv-bansal/igvc_sim_ws/install/igvc_description/share/ament_index/resource_index/package_run_dependencies/igvc_description
[1.372s] -- Installing: /home/dhruv-bansal/igvc_sim_ws/install/igvc_description/share/ament_index/resource_index/parent_prefix_path/igvc_description
[1.372s] -- Installing: /home/dhruv-bansal/igvc_sim_ws/install/igvc_description/share/igvc_description/environment/ament_prefix_path.sh
[1.372s] -- Installing: /home/dhruv-bansal/igvc_sim_ws/install/igvc_description/share/igvc_description/environment/ament_prefix_path.dsv
[1.372s] -- Installing: /home/dhruv-bansal/igvc_sim_ws/install/igvc_description/share/igvc_description/environment/path.sh
[1.373s] -- Installing: /home/dhruv-bansal/igvc_sim_ws/install/igvc_description/share/igvc_description/environment/path.dsv
[1.373s] -- Installing: /home/dhruv-bansal/igvc_sim_ws/install/igvc_description/share/igvc_description/local_setup.bash
[1.373s] -- Installing: /home/dhruv-bansal/igvc_sim_ws/install/igvc_description/share/igvc_description/local_setup.sh
[1.373s] -- Installing: /home/dhruv-bansal/igvc_sim_ws/install/igvc_description/share/igvc_description/local_setup.zsh
[1.373s] -- Installing: /home/dhruv-bansal/igvc_sim_ws/install/igvc_description/share/igvc_description/local_setup.dsv
[1.374s] -- Installing: /home/dhruv-bansal/igvc_sim_ws/install/igvc_description/share/igvc_description/package.dsv
[1.374s] -- Installing: /home/dhruv-bansal/igvc_sim_ws/install/igvc_description/share/ament_index/resource_index/packages/igvc_description
[1.375s] -- Installing: /home/dhruv-bansal/igvc_sim_ws/install/igvc_description/share/igvc_description/cmake/igvc_descriptionConfig.cmake
[1.375s] -- Installing: /home/dhruv-bansal/igvc_sim_ws/install/igvc_description/share/igvc_description/cmake/igvc_descriptionConfig-version.cmake
[1.375s] -- Installing: /home/dhruv-bansal/igvc_sim_ws/install/igvc_description/share/igvc_description/package.xml
[1.382s] Invoked command in '/home/dhruv-bansal/igvc_sim_ws/build/igvc_description' returned '0': CMAKE_PREFIX_PATH=${CMAKE_PREFIX_PATH}:/opt/ros/jazzy DEBUGINFOD_URLS=https://debuginfod.ubuntu.com /usr/bin/cmake --install /home/dhruv-bansal/igvc_sim_ws/build/igvc_description
